// Jest Snapshot v1, https://goo.gl/fbAQLP

exports[`A CombinationSum test suite should find combinations 1`] = `
[
  [
    1,
    1,
    2,
    3,
  ],
  [
    1,
    1,
    5,
  ],
  [
    1,
    2,
    2,
    2,
  ],
  [
    1,
    2,
    4,
  ],
  [
    1,
    3,
    3,
  ],
  [
    1,
    6,
  ],
  [
    2,
    2,
    3,
  ],
  [
    2,
    5,
  ],
  [
    3,
    4,
  ],
]
`;

exports[`A CombinationSum test suite should find combinations with 3 max ones 1`] = `
[
  [
    1,
    1,
    1,
    2,
    2,
    2,
  ],
  [
    1,
    1,
    1,
    2,
    4,
  ],
  [
    1,
    1,
    1,
    3,
    3,
  ],
  [
    1,
    1,
    1,
    6,
  ],
  [
    1,
    1,
    2,
    2,
    3,
  ],
  [
    1,
    1,
    2,
    5,
  ],
  [
    1,
    1,
    3,
    4,
  ],
  [
    1,
    1,
    7,
  ],
  [
    1,
    2,
    2,
    2,
    2,
  ],
  [
    1,
    2,
    2,
    4,
  ],
  [
    1,
    2,
    3,
    3,
  ],
  [
    1,
    2,
    6,
  ],
  [
    1,
    3,
    5,
  ],
  [
    1,
    4,
    4,
  ],
  [
    1,
    8,
  ],
  [
    2,
    2,
    2,
    3,
  ],
  [
    2,
    2,
    5,
  ],
  [
    2,
    3,
    4,
  ],
  [
    2,
    7,
  ],
  [
    3,
    3,
    3,
  ],
  [
    3,
    6,
  ],
  [
    4,
    5,
  ],
]
`;
